.section .text.should_convert_vec_one_to_one_with_noop,"ax",@progbits
	.globl	should_convert_vec_one_to_one_with_noop
	.p2align	4
.type	should_convert_vec_one_to_one_with_noop,@function
should_convert_vec_one_to_one_with_noop:
	.cfi_startproc
	mov rax, qword ptr [rsi]
	mov rcx, rax
	neg rcx
	jo .LBB6_2
	mov rcx, qword ptr [rsi + 8]
	mov rdx, qword ptr [rsi + 16]
	mov qword ptr [rdi], rax
	mov qword ptr [rdi + 8], rcx
	mov qword ptr [rdi + 16], rdx
	mov rax, rdi
	ret
.LBB6_2:
	push rax
	.cfi_def_cfa_offset 16
	lea rdi, [rip + .Lanon.5dd12c0a07d429fcb512e930c76ece9f.5]
	lea rcx, [rip + .Lanon.5dd12c0a07d429fcb512e930c76ece9f.4]
	lea r8, [rip + .Lanon.5dd12c0a07d429fcb512e930c76ece9f.1]
	lea rdx, [rsp + 7]
	mov esi, 43
	call qword ptr [rip + core::result::unwrap_failed@GOTPCREL]
